// Vitest Snapshot v1, https://vitest.dev/guide/snapshot.html

exports[`scanPage > parses the full lesson tree into a structured snapshot 1`] = `
{
  "accordions": [
    {
      "expanded": true,
      "grey": false,
      "itemCount": 6,
      "title": "1 - Anaconda la libreria NumPy",
    },
    {
      "expanded": true,
      "grey": false,
      "itemCount": 7,
      "title": "2 - Array in Numpy",
    },
    {
      "expanded": true,
      "grey": false,
      "itemCount": 7,
      "title": "3 - Operazioni sui dati",
    },
    {
      "expanded": false,
      "grey": true,
      "itemCount": 0,
      "title": "4 - Rappresentazione grafica",
    },
    {
      "expanded": false,
      "grey": true,
      "itemCount": 0,
      "title": "5 - Probabilità e statistica",
    },
  ],
  "items": [
    {
      "accordionTitle": "1 - Anaconda la libreria NumPy",
      "clickable": true,
      "isCurrent": false,
      "kind": "obiettivi",
      "percentage": null,
      "skip": false,
      "status": "done",
      "title": "Obiettivi",
    },
    {
      "accordionTitle": "1 - Anaconda la libreria NumPy",
      "clickable": true,
      "isCurrent": false,
      "kind": "video",
      "percentage": 100,
      "skip": false,
      "status": "done",
      "title": "Introduzione ad Anaconda",
    },
    {
      "accordionTitle": "1 - Anaconda la libreria NumPy",
      "clickable": true,
      "isCurrent": false,
      "kind": "video",
      "percentage": 100,
      "skip": false,
      "status": "done",
      "title": "Introduzione alla libreria NumPy",
    },
    {
      "accordionTitle": "1 - Anaconda la libreria NumPy",
      "clickable": true,
      "isCurrent": true,
      "kind": "video",
      "percentage": 0,
      "skip": false,
      "status": "current",
      "title": "Introduzione agli array in NumPy",
    },
    {
      "accordionTitle": "1 - Anaconda la libreria NumPy",
      "clickable": false,
      "isCurrent": false,
      "kind": "test",
      "percentage": null,
      "skip": true,
      "status": "todo",
      "title": "Test di fine lezione",
    },
    {
      "accordionTitle": "1 - Anaconda la libreria NumPy",
      "clickable": false,
      "isCurrent": false,
      "kind": "dispensa",
      "percentage": null,
      "skip": true,
      "status": "todo",
      "title": "Dispensa",
    },
    {
      "accordionTitle": "2 - Array in Numpy",
      "clickable": true,
      "isCurrent": false,
      "kind": "obiettivi",
      "percentage": null,
      "skip": false,
      "status": "todo",
      "title": "Obiettivi",
    },
    {
      "accordionTitle": "2 - Array in Numpy",
      "clickable": true,
      "isCurrent": false,
      "kind": "video",
      "percentage": 0,
      "skip": false,
      "status": "todo",
      "title": "Funzioni e proprietà degli array in NumPy",
    },
    {
      "accordionTitle": "2 - Array in Numpy",
      "clickable": true,
      "isCurrent": false,
      "kind": "video",
      "percentage": 0,
      "skip": false,
      "status": "todo",
      "title": "Generare array",
    },
    {
      "accordionTitle": "2 - Array in Numpy",
      "clickable": true,
      "isCurrent": false,
      "kind": "video",
      "percentage": 0,
      "skip": false,
      "status": "todo",
      "title": "Indicizzazione e slicing",
    },
    {
      "accordionTitle": "2 - Array in Numpy",
      "clickable": true,
      "isCurrent": false,
      "kind": "video",
      "percentage": 0,
      "skip": false,
      "status": "todo",
      "title": "Operazioni tra array",
    },
    {
      "accordionTitle": "2 - Array in Numpy",
      "clickable": false,
      "isCurrent": false,
      "kind": "test",
      "percentage": null,
      "skip": true,
      "status": "todo",
      "title": "Test di fine lezione",
    },
    {
      "accordionTitle": "2 - Array in Numpy",
      "clickable": false,
      "isCurrent": false,
      "kind": "dispensa",
      "percentage": null,
      "skip": true,
      "status": "todo",
      "title": "Dispensa",
    },
    {
      "accordionTitle": "3 - Operazioni sui dati",
      "clickable": true,
      "isCurrent": false,
      "kind": "obiettivi",
      "percentage": null,
      "skip": false,
      "status": "todo",
      "title": "Obiettivi",
    },
    {
      "accordionTitle": "3 - Operazioni sui dati",
      "clickable": true,
      "isCurrent": false,
      "kind": "video",
      "percentage": 0,
      "skip": false,
      "status": "todo",
      "title": "Operazioni di modifica e verifica degli array",
    },
    {
      "accordionTitle": "3 - Operazioni sui dati",
      "clickable": true,
      "isCurrent": false,
      "kind": "video",
      "percentage": 0,
      "skip": false,
      "status": "todo",
      "title": "Trattare gli array come insiemi",
    },
    {
      "accordionTitle": "3 - Operazioni sui dati",
      "clickable": true,
      "isCurrent": false,
      "kind": "video",
      "percentage": 0,
      "skip": false,
      "status": "todo",
      "title": "Lavorare con i file",
    },
    {
      "accordionTitle": "3 - Operazioni sui dati",
      "clickable": true,
      "isCurrent": false,
      "kind": "video",
      "percentage": 0,
      "skip": false,
      "status": "todo",
      "title": "Esercizio sulla variazione di valori",
    },
    {
      "accordionTitle": "3 - Operazioni sui dati",
      "clickable": false,
      "isCurrent": false,
      "kind": "test",
      "percentage": null,
      "skip": true,
      "status": "todo",
      "title": "Test di fine lezione",
    },
    {
      "accordionTitle": "3 - Operazioni sui dati",
      "clickable": false,
      "isCurrent": false,
      "kind": "dispensa",
      "percentage": null,
      "skip": true,
      "status": "todo",
      "title": "Dispensa",
    },
  ],
}
`;
